This is pdfTeX, Version 3.141592653-2.6-1.40.29 (MiKTeX 26.1) (preloaded format=pdflatex 2026.2.19)  20 FEB 2026 01:23
entering extended mode
 restricted \write18 enabled.
 file:line:error style messages enabled.
 %&-line parsing enabled.
**e:/github/piraeus_vice/Report.tex
(e:/github/piraeus_vice/Report.tex
LaTeX2e <2025-11-01>
L3 programming layer <2026-01-19>
(C:\Users\kidoa\AppData\Local\Programs\MiKTeX\tex/latex/base\article.cls
Document Class: article 2025/01/22 v1.4n Standard LaTeX document class
(C:\Users\kidoa\AppData\Local\Programs\MiKTeX\tex/latex/base\size10.clo
File: size10.clo 2025/01/22 v1.4n Standard LaTeX file (size option)
)
\c@part=\count275
\c@section=\count276
\c@subsection=\count277
\c@subsubsection=\count278
\c@paragraph=\count279
\c@subparagraph=\count280
\c@figure=\count281
\c@table=\count282
\abovecaptionskip=\skip49
\belowcaptionskip=\skip50
\bibindent=\dimen148
) (C:\Users\kidoa\AppData\Local\Programs\MiKTeX\tex/generic/babel\babel.sty
Package: babel 2026/01/26 v26.2 The multilingual framework for LuaLaTeX, pdfLaTeX and XeLaTeX
\babel@savecnt=\count283
LaTeX Encoding Info:    Redeclaring text command \ij (encoding OT1) on input line 2078.
LaTeX Encoding Info:    Redeclaring text command \IJ (encoding OT1) on input line 2080.
LaTeX Encoding Info:    Redeclaring text command \ij (encoding T1) on input line 2082.
LaTeX Encoding Info:    Redeclaring text command \IJ (encoding T1) on input line 2083.
LaTeX Encoding Info:    Ignoring declaration for text command \ij (encoding ?) on input line 2084.
LaTeX Encoding Info:    Ignoring declaration for text command \IJ (encoding ?) on input line 2086.
LaTeX Encoding Info:    Ignoring declaration for text command \SS (encoding ?) on input line 2111.
\U@D=\dimen149
\l@unhyphenated=\language79
 (C:\Users\kidoa\AppData\Local\Programs\MiKTeX\tex/generic/babel\txtbabel.def)
\bbl@readstream=\read2
\bbl@dirlevel=\count284
Package babel Info: Configuration files are deprecated, as
(babel)             they can break document portability.
(babel)             Reported on input line 4206.

*************************************
* Local config file bblopts.cfg used
*
(C:\Users\kidoa\AppData\Local\Programs\MiKTeX\tex/latex/arabi\bblopts.cfg
File: bblopts.cfg 2005/09/08 v0.1 add Arabic and Farsi to "declared" options of babel
) (C:\Users\kidoa\AppData\Local\Programs\MiKTeX\tex/generic/babel/locale/en\babel-english.tex)
Package babel Info: Importing font and identification data for english
(babel)             from babel-en.ini. Reported on input line 4330.
 (C:\Users\kidoa\AppData\Local\Programs\MiKTeX\tex/latex/babel-english\english.ldf
Language: english 2017/06/06 v3.3r English support from the babel system
Package babel Info: Hyphen rules for 'canadian' set to \l@english
(babel)             (\language0). Reported on input line 102.
Package babel Info: Hyphen rules for 'australian' set to \l@ukenglish
(babel)             (\language73). Reported on input line 105.
Package babel Info: Hyphen rules for 'newzealand' set to \l@ukenglish
(babel)             (\language73). Reported on input line 108.
)) (C:\Users\kidoa\AppData\Local\Programs\MiKTeX\tex/latex/geometry\geometry.sty
Package: geometry 2020/01/02 v5.9 Page Geometry
 (C:\Users\kidoa\AppData\Local\Programs\MiKTeX\tex/latex/graphics\keyval.sty
Package: keyval 2022/05/29 v1.15 key=value parser (DPC)
\KV@toks@=\toks17
) (C:\Users\kidoa\AppData\Local\Programs\MiKTeX\tex/generic/iftex\ifvtex.sty
Package: ifvtex 2019/10/25 v1.7 ifvtex legacy package. Use iftex instead.
 (C:\Users\kidoa\AppData\Local\Programs\MiKTeX\tex/generic/iftex\iftex.sty
Package: iftex 2024/12/12 v1.0g TeX engine tests
))
\Gm@cnth=\count285
\Gm@cntv=\count286
\c@Gm@tempcnt=\count287
\Gm@bindingoffset=\dimen150
\Gm@wd@mp=\dimen151
\Gm@odd@mp=\dimen152
\Gm@even@mp=\dimen153
\Gm@layoutwidth=\dimen154
\Gm@layoutheight=\dimen155
\Gm@layouthoffset=\dimen156
\Gm@layoutvoffset=\dimen157
\Gm@dimlist=\toks18
 (C:\Users\kidoa\AppData\Local\Programs\MiKTeX\tex/latex/geometry\geometry.cfg)) (C:\Users\kidoa\AppData\Local\Programs\MiKTeX\tex/latex/amsmath\amsmath.sty
Package: amsmath 2025/07/09 v2.17z AMS math features
\@mathmargin=\skip51

For additional information on amsmath, use the `?' option.
(C:\Users\kidoa\AppData\Local\Programs\MiKTeX\tex/latex/amsmath\amstext.sty
Package: amstext 2024/11/17 v2.01 AMS text
 (C:\Users\kidoa\AppData\Local\Programs\MiKTeX\tex/latex/amsmath\amsgen.sty
File: amsgen.sty 1999/11/30 v2.0 generic functions
\@emptytoks=\toks19
\ex@=\dimen158
)) (C:\Users\kidoa\AppData\Local\Programs\MiKTeX\tex/latex/amsmath\amsbsy.sty
Package: amsbsy 1999/11/29 v1.2d Bold Symbols
\pmbraise@=\dimen159
) (C:\Users\kidoa\AppData\Local\Programs\MiKTeX\tex/latex/amsmath\amsopn.sty
Package: amsopn 2022/04/08 v2.04 operator names
)
\inf@bad=\count288
LaTeX Info: Redefining \frac on input line 233.
\uproot@=\count289
\leftroot@=\count290
LaTeX Info: Redefining \overline on input line 398.
LaTeX Info: Redefining \colon on input line 409.
\classnum@=\count291
\DOTSCASE@=\count292
LaTeX Info: Redefining \ldots on input line 495.
LaTeX Info: Redefining \dots on input line 498.
LaTeX Info: Redefining \cdots on input line 619.
\Mathstrutbox@=\box53
\strutbox@=\box54
LaTeX Info: Redefining \big on input line 721.
LaTeX Info: Redefining \Big on input line 722.
LaTeX Info: Redefining \bigg on input line 723.
LaTeX Info: Redefining \Bigg on input line 724.
\big@size=\dimen160
LaTeX Font Info:    Redeclaring font encoding OML on input line 742.
LaTeX Font Info:    Redeclaring font encoding OMS on input line 743.
\macc@depth=\count293
LaTeX Info: Redefining \bmod on input line 904.
LaTeX Info: Redefining \pmod on input line 909.
LaTeX Info: Redefining \smash on input line 939.
LaTeX Info: Redefining \relbar on input line 969.
LaTeX Info: Redefining \Relbar on input line 970.
\c@MaxMatrixCols=\count294
\dotsspace@=\muskip17
\c@parentequation=\count295
\dspbrk@lvl=\count296
\tag@help=\toks20
\row@=\count297
\column@=\count298
\maxfields@=\count299
\andhelp@=\toks21
\eqnshift@=\dimen161
\alignsep@=\dimen162
\tagshift@=\dimen163
\tagwidth@=\dimen164
\totwidth@=\dimen165
\lineht@=\dimen166
\@envbody=\toks22
\multlinegap=\skip52
\multlinetaggap=\skip53
\mathdisplay@stack=\toks23
LaTeX Info: Redefining \[ on input line 2950.
LaTeX Info: Redefining \] on input line 2951.
) (C:\Users\kidoa\AppData\Local\Programs\MiKTeX\tex/latex/graphics\graphicx.sty
Package: graphicx 2024/12/31 v1.2e Enhanced LaTeX Graphics (DPC,SPQR)
 (C:\Users\kidoa\AppData\Local\Programs\MiKTeX\tex/latex/graphics\graphics.sty
Package: graphics 2024/08/06 v1.4g Standard LaTeX Graphics (DPC,SPQR)
 (C:\Users\kidoa\AppData\Local\Programs\MiKTeX\tex/latex/graphics\trig.sty
Package: trig 2023/12/02 v1.11 sin cos tan (DPC)
) (C:\Users\kidoa\AppData\Local\Programs\MiKTeX\tex/latex/graphics-cfg\graphics.cfg
File: graphics.cfg 2016/06/04 v1.11 sample graphics configuration
)
Package graphics Info: Driver file: pdftex.def on input line 106.
 (C:\Users\kidoa\AppData\Local\Programs\MiKTeX\tex/latex/graphics-def\pdftex.def
File: pdftex.def 2025/09/29 v1.2d Graphics/color driver for pdftex
))
\Gin@req@height=\dimen167
\Gin@req@width=\dimen168
) (C:\Users\kidoa\AppData\Local\Programs\MiKTeX\tex/latex/amsfonts\amssymb.sty
Package: amssymb 2013/01/14 v3.01 AMS font symbols
 (C:\Users\kidoa\AppData\Local\Programs\MiKTeX\tex/latex/amsfonts\amsfonts.sty
Package: amsfonts 2013/01/14 v3.01 Basic AMSFonts support
\symAMSa=\mathgroup4
\symAMSb=\mathgroup5
LaTeX Font Info:    Redeclaring math symbol \hbar on input line 98.
LaTeX Font Info:    Overwriting math alphabet `\mathfrak' in version `bold'
(Font)                  U/euf/m/n --> U/euf/b/n on input line 106.
)) (C:\Users\kidoa\AppData\Local\Programs\MiKTeX\tex/latex/preprint\authblk.sty
Package: authblk 2001/02/27 1.3 (PWD)
\affilsep=\skip54
\@affilsep=\skip55
\c@Maxaffil=\count300
\c@authors=\count301
\c@affil=\count302
) (C:\Users\kidoa\AppData\Local\Programs\MiKTeX\tex/latex/fontawesome5\fontawesome5.sty (C:\Users\kidoa\AppData\Local\Programs\MiKTeX\tex/latex/l3kernel\expl3.sty
Package: expl3 2026-01-19 L3 programming layer (loader) 
 (C:\Users\kidoa\AppData\Local\Programs\MiKTeX\tex/latex/l3backend\l3backend-pdftex.def
File: l3backend-pdftex.def 2025-10-09 L3 backend support: PDF output (pdfTeX)
\l__color_backend_stack_int=\count303
))
Package: fontawesome5 2022/05/02 v5.15.4 Font Awesome 5
 (C:\Users\kidoa\AppData\Local\Programs\MiKTeX\tex/latex/l3packages/l3keys2e\l3keys2e.sty
Package: l3keys2e 2025-10-09 LaTeX2e option processing using LaTeX3 keys
) (C:\Users\kidoa\AppData\Local\Programs\MiKTeX\tex/latex/l3packages/xparse\xparse.sty
Package: xparse 2025-10-09 L3 Experimental document command parser
) (C:\Users\kidoa\AppData\Local\Programs\MiKTeX\tex/latex/fontawesome5\fontawesome5-generic-helper.sty
Package: fontawesome5-generic-helper 2022/05/02 v5.15.4 non-uTeX helper for fontawesome5
 (C:\Users\kidoa\AppData\Local\Programs\MiKTeX\tex/latex/fontawesome5\fontawesome5-mapping.def))) (C:\Users\kidoa\AppData\Local\Programs\MiKTeX\tex/latex/hyperref\hyperref.sty
Package: hyperref 2026-01-29 v7.01p Hypertext links for LaTeX
 (C:\Users\kidoa\AppData\Local\Programs\MiKTeX\tex/latex/kvsetkeys\kvsetkeys.sty
Package: kvsetkeys 2022-10-05 v1.19 Key value parser (HO)
) (C:\Users\kidoa\AppData\Local\Programs\MiKTeX\tex/generic/kvdefinekeys\kvdefinekeys.sty
Package: kvdefinekeys 2019-12-19 v1.6 Define keys (HO)
) (C:\Users\kidoa\AppData\Local\Programs\MiKTeX\tex/generic/pdfescape\pdfescape.sty
Package: pdfescape 2019/12/09 v1.15 Implements pdfTeX's escape features (HO)
 (C:\Users\kidoa\AppData\Local\Programs\MiKTeX\tex/generic/ltxcmds\ltxcmds.sty
Package: ltxcmds 2023-12-04 v1.26 LaTeX kernel commands for general use (HO)
) (C:\Users\kidoa\AppData\Local\Programs\MiKTeX\tex/generic/pdftexcmds\pdftexcmds.sty
Package: pdftexcmds 2020-06-27 v0.33 Utility functions of pdfTeX for LuaTeX (HO)
 (C:\Users\kidoa\AppData\Local\Programs\MiKTeX\tex/generic/infwarerr\infwarerr.sty
Package: infwarerr 2019/12/03 v1.5 Providing info/warning/error messages (HO)
)
Package pdftexcmds Info: \pdf@primitive is available.
Package pdftexcmds Info: \pdf@ifprimitive is available.
Package pdftexcmds Info: \pdfdraftmode found.
)) (C:\Users\kidoa\AppData\Local\Programs\MiKTeX\tex/latex/hycolor\hycolor.sty
Package: hycolor 2020-01-27 v1.10 Color options for hyperref/bookmark (HO)
) (C:\Users\kidoa\AppData\Local\Programs\MiKTeX\tex/latex/hyperref\nameref.sty
Package: nameref 2026-01-29 v2.58 Cross-referencing by name of section
 (C:\Users\kidoa\AppData\Local\Programs\MiKTeX\tex/latex/refcount\refcount.sty
Package: refcount 2019/12/15 v3.6 Data extraction from label references (HO)
) (C:\Users\kidoa\AppData\Local\Programs\MiKTeX\tex/generic/gettitlestring\gettitlestring.sty
Package: gettitlestring 2019/12/15 v1.6 Cleanup title references (HO)
 (C:\Users\kidoa\AppData\Local\Programs\MiKTeX\tex/latex/kvoptions\kvoptions.sty
Package: kvoptions 2022-06-15 v3.15 Key value format for package options (HO)
))
\c@section@level=\count304
) (C:\Users\kidoa\AppData\Local\Programs\MiKTeX\tex/latex/etoolbox\etoolbox.sty
Package: etoolbox 2025/10/02 v2.5m e-TeX tools for LaTeX (JAW)
\etb@tempcnta=\count305
) (C:\Users\kidoa\AppData\Local\Programs\MiKTeX\tex/generic/stringenc\stringenc.sty
Package: stringenc 2019/11/29 v1.12 Convert strings between diff. encodings (HO)
)
\@linkdim=\dimen169
\Hy@linkcounter=\count306
\Hy@pagecounter=\count307
 (C:\Users\kidoa\AppData\Local\Programs\MiKTeX\tex/latex/hyperref\pd1enc.def
File: pd1enc.def 2026-01-29 v7.01p Hyperref: PDFDocEncoding definition (HO)
Now handling font encoding PD1 ...
... no UTF-8 mapping file for font encoding PD1
) (C:\Users\kidoa\AppData\Local\Programs\MiKTeX\tex/generic/intcalc\intcalc.sty
Package: intcalc 2019/12/15 v1.3 Expandable calculations with integers (HO)
)
\Hy@SavedSpaceFactor=\count308
 (C:\Users\kidoa\AppData\Local\Programs\MiKTeX\tex/latex/hyperref\puenc.def
File: puenc.def 2026-01-29 v7.01p Hyperref: PDF Unicode definition (HO)
Now handling font encoding PU ...
... no UTF-8 mapping file for font encoding PU
)
Package hyperref Info: Option `colorlinks' set `true' on input line 4072.
Package hyperref Info: Hyper figures OFF on input line 4201.
Package hyperref Info: Link nesting OFF on input line 4206.
Package hyperref Info: Hyper index ON on input line 4209.
Package hyperref Info: Plain pages OFF on input line 4216.
Package hyperref Info: Backreferencing OFF on input line 4221.
Package hyperref Info: Implicit mode ON; LaTeX internals redefined.
Package hyperref Info: Bookmarks ON on input line 4468.
\c@Hy@tempcnt=\count309
 (C:\Users\kidoa\AppData\Local\Programs\MiKTeX\tex/latex/url\url.sty
\Urlmuskip=\muskip18
Package: url 2013/09/16  ver 3.4  Verb mode for urls, etc.
)
LaTeX Info: Redefining \url on input line 4807.
\XeTeXLinkMargin=\dimen170
 (C:\Users\kidoa\AppData\Local\Programs\MiKTeX\tex/generic/bitset\bitset.sty
Package: bitset 2019/12/09 v1.3 Handle bit-vector datatype (HO)
 (C:\Users\kidoa\AppData\Local\Programs\MiKTeX\tex/generic/bigintcalc\bigintcalc.sty
Package: bigintcalc 2019/12/15 v1.5 Expandable calculations on big integers (HO)
))
\Fld@menulength=\count310
\Field@Width=\dimen171
\Fld@charsize=\dimen172
Package hyperref Info: Hyper figures OFF on input line 6084.
Package hyperref Info: Link nesting OFF on input line 6089.
Package hyperref Info: Hyper index ON on input line 6092.
Package hyperref Info: backreferencing OFF on input line 6099.
Package hyperref Info: Link coloring ON on input line 6102.
Package hyperref Info: Link coloring with OCG OFF on input line 6109.
Package hyperref Info: PDF/A mode OFF on input line 6114.
\Hy@abspage=\count311
\c@Item=\count312
\c@Hfootnote=\count313
)
Package hyperref Info: Driver (autodetected): hpdftex.
 (C:\Users\kidoa\AppData\Local\Programs\MiKTeX\tex/latex/hyperref\hpdftex.def
File: hpdftex.def 2026-01-29 v7.01p Hyperref driver for pdfTeX
\Fld@listcount=\count314
\c@bookmark@seq@number=\count315
 (C:\Users\kidoa\AppData\Local\Programs\MiKTeX\tex/latex/rerunfilecheck\rerunfilecheck.sty
Package: rerunfilecheck 2025-06-21 v1.11 Rerun checks for auxiliary files (HO)
 (C:\Users\kidoa\AppData\Local\Programs\MiKTeX\tex/generic/uniquecounter\uniquecounter.sty
Package: uniquecounter 2019/12/15 v1.4 Provide unlimited unique counter (HO)
)
Package uniquecounter Info: New unique counter `rerunfilecheck' on input line 284.
)
\Hy@SectionHShift=\skip56
) (Report.aux)
\openout1 = `Report.aux'.

LaTeX Font Info:    Checking defaults for OML/cmm/m/it on input line 28.
LaTeX Font Info:    ... okay on input line 28.
LaTeX Font Info:    Checking defaults for OMS/cmsy/m/n on input line 28.
LaTeX Font Info:    ... okay on input line 28.
LaTeX Font Info:    Checking defaults for OT1/cmr/m/n on input line 28.
LaTeX Font Info:    ... okay on input line 28.
LaTeX Font Info:    Checking defaults for T1/cmr/m/n on input line 28.
LaTeX Font Info:    ... okay on input line 28.
LaTeX Font Info:    Checking defaults for TS1/cmr/m/n on input line 28.
LaTeX Font Info:    ... okay on input line 28.
LaTeX Font Info:    Checking defaults for OMX/cmex/m/n on input line 28.
LaTeX Font Info:    ... okay on input line 28.
LaTeX Font Info:    Checking defaults for U/cmr/m/n on input line 28.
LaTeX Font Info:    ... okay on input line 28.
LaTeX Font Info:    Checking defaults for PD1/pdf/m/n on input line 28.
LaTeX Font Info:    ... okay on input line 28.
LaTeX Font Info:    Checking defaults for PU/pdf/m/n on input line 28.
LaTeX Font Info:    ... okay on input line 28.

*geometry* driver: auto-detecting
*geometry* detected driver: pdftex
*geometry* verbose mode - [ preamble ] result:
* driver: pdftex
* paper: letterpaper
* layout: <same size as paper>
* layoutoffset:(h,v)=(0.0pt,0.0pt)
* modes: 
* h-part:(L,W,R)=(85.35826pt, 443.57848pt, 85.35826pt)
* v-part:(T,H,B)=(56.9055pt, 681.15898pt, 56.9055pt)
* \paperwidth=614.295pt
* \paperheight=794.96999pt
* \textwidth=443.57848pt
* \textheight=681.15898pt
* \oddsidemargin=13.08827pt
* \evensidemargin=13.08827pt
* \topmargin=-52.36449pt
* \headheight=12.0pt
* \headsep=25.0pt
* \topskip=10.0pt
* \footskip=30.0pt
* \marginparwidth=49.79231pt
* \marginparsep=11.0pt
* \columnsep=10.0pt
* \skip\footins=9.0pt plus 4.0pt minus 2.0pt
* \hoffset=0.0pt
* \voffset=0.0pt
* \mag=1000
* \@twocolumnfalse
* \@twosidefalse
* \@mparswitchfalse
* \@reversemarginfalse
* (1in=72.27pt=25.4mm, 1cm=28.453pt)

(C:\Users\kidoa\AppData\Local\Programs\MiKTeX\tex/context/base/mkii\supp-pdf.mkii
[Loading MPS to PDF converter (version 2006.09.02).]
\scratchcounter=\count316
\scratchdimen=\dimen173
\scratchbox=\box55
\nofMPsegments=\count317
\nofMParguments=\count318
\everyMPshowfont=\toks24
\MPscratchCnt=\count319
\MPscratchDim=\dimen174
\MPnumerator=\count320
\makeMPintoPDFobject=\count321
\everyMPtoPDFconversion=\toks25
) (C:\Users\kidoa\AppData\Local\Programs\MiKTeX\tex/latex/epstopdf-pkg\epstopdf-base.sty
Package: epstopdf-base 2020-01-24 v2.11 Base part for package epstopdf
Package epstopdf-base Info: Redefining graphics rule for `.eps' on input line 485.
 (C:\Users\kidoa\AppData\Local\Programs\MiKTeX\tex/latex/00miktex\epstopdf-sys.cfg
File: epstopdf-sys.cfg 2021/03/18 v2.0 Configuration of epstopdf for MiKTeX
)) (C:\Users\kidoa\AppData\Local\Programs\MiKTeX\tex/latex/graphics\color.sty
Package: color 2025/01/14 v1.3e Standard LaTeX Color (DPC)
 (C:\Users\kidoa\AppData\Local\Programs\MiKTeX\tex/latex/graphics-cfg\color.cfg
File: color.cfg 2016/01/02 v1.6 sample color configuration
)
Package color Info: Driver file: pdftex.def on input line 149.
 (C:\Users\kidoa\AppData\Local\Programs\MiKTeX\tex/latex/graphics\mathcolor.ltx))
Package hyperref Info: Link coloring ON on input line 28.
 (Report.out) (Report.out)
\@outlinefile=\write3
\openout3 = `Report.out'.

LaTeX Font Info:    Trying to load font information for U+msa on input line 32.
 (C:\Users\kidoa\AppData\Local\Programs\MiKTeX\tex/latex/amsfonts\umsa.fd
File: umsa.fd 2013/01/14 v3.01 AMS symbols A
)
LaTeX Font Info:    Trying to load font information for U+msb on input line 32.
 (C:\Users\kidoa\AppData\Local\Programs\MiKTeX\tex/latex/amsfonts\umsb.fd
File: umsb.fd 2013/01/14 v3.01 AMS symbols B
) [1

{C:/Users/kidoa/AppData/Local/MiKTeX/fonts/map/pdftex/pdftex.map}]
<plots/Q1/distributions_histplots/hour_float.png, id=28, 569.0058pt x 353.8821pt>
File: plots/Q1/distributions_histplots/hour_float.png Graphic file (type png)
<use plots/Q1/distributions_histplots/hour_float.png>
Package pdftex.def Info: plots/Q1/distributions_histplots/hour_float.png  used on input line 69.
(pdftex.def)             Requested size: 273.80559pt x 170.28973pt.
<plots/Q1/distributions_histplots/victim_age.png, id=30, 569.4876pt x 353.8821pt>
File: plots/Q1/distributions_histplots/victim_age.png Graphic file (type png)
<use plots/Q1/distributions_histplots/victim_age.png>
Package pdftex.def Info: plots/Q1/distributions_histplots/victim_age.png  used on input line 76.
(pdftex.def)             Requested size: 274.03741pt x 170.28973pt.
<plots/Q1/distributions_histplots/latitude.png, id=31, 569.4876pt x 353.4003pt>
File: plots/Q1/distributions_histplots/latitude.png Graphic file (type png)
<use plots/Q1/distributions_histplots/latitude.png>
Package pdftex.def Info: plots/Q1/distributions_histplots/latitude.png  used on input line 83.
(pdftex.def)             Requested size: 274.41977pt x 170.28973pt.


LaTeX Warning: `h' float specifier changed to `ht'.

<plots/Q1/distributions_histplots/longitude.png, id=32, 568.524pt x 353.4003pt>
File: plots/Q1/distributions_histplots/longitude.png Graphic file (type png)
<use plots/Q1/distributions_histplots/longitude.png>
Package pdftex.def Info: plots/Q1/distributions_histplots/longitude.png  used on input line 90.
(pdftex.def)             Requested size: 273.95544pt x 170.28973pt.

LaTeX Warning: `h' float specifier changed to `ht'.

LaTeX Font Info:    Font shape `OT1/cmtt/bx/n' in size <10> not available
(Font)              Font shape `OT1/cmtt/m/n' tried instead on input line 98.
[2 <./plots/Q1/distributions_histplots/hour_float.png> <./plots/Q1/distributions_histplots/victim_age.png>]
<plots/Q1/hour_float_gaussian_vs_gmm.png, id=43, 569.2467pt x 353.8821pt>
File: plots/Q1/hour_float_gaussian_vs_gmm.png Graphic file (type png)
<use plots/Q1/hour_float_gaussian_vs_gmm.png>
Package pdftex.def Info: plots/Q1/hour_float_gaussian_vs_gmm.png  used on input line 108.
(pdftex.def)             Requested size: 273.92151pt x 170.28973pt.


LaTeX Warning: `h' float specifier changed to `ht'.

<plots/Q1/hour_float vs latitude.png, id=46, 569.0058pt x 353.8821pt>
File: plots/Q1/hour_float vs latitude.png Graphic file (type png)
<use plots/Q1/hour_float vs latitude.png>
Package pdftex.def Info: plots/Q1/hour_float vs latitude.png  used on input line 121.
(pdftex.def)             Requested size: 273.80559pt x 170.28973pt.

LaTeX Warning: `h' float specifier changed to `ht'.

<plots/Q1/hour_float vs longitude.png, id=47, 569.2467pt x 353.8821pt>
File: plots/Q1/hour_float vs longitude.png Graphic file (type png)
<use plots/Q1/hour_float vs longitude.png>
Package pdftex.def Info: plots/Q1/hour_float vs longitude.png  used on input line 128.
(pdftex.def)             Requested size: 273.92151pt x 170.28973pt.

LaTeX Warning: `h' float specifier changed to `ht'.

[3 <./plots/Q1/distributions_histplots/latitude.png> <./plots/Q1/distributions_histplots/longitude.png>] [4 <./plots/Q1/hour_float_gaussian_vs_gmm.png> <./plots/Q1/hour_float vs latitude.png>]
<plots/Q2/empirical_covariance/emp_corr_of_killer_1.png, id=71, 703.1871pt x 714.7503pt>
File: plots/Q2/empirical_covariance/emp_corr_of_killer_1.png Graphic file (type png)
<use plots/Q2/empirical_covariance/emp_corr_of_killer_1.png>
Package pdftex.def Info: plots/Q2/empirical_covariance/emp_corr_of_killer_1.png  used on input line 178.
(pdftex.def)             Requested size: 180.9359pt x 183.91583pt.


LaTeX Warning: `h' float specifier changed to `ht'.

<plots/Q2/correlation_matrix/corr_matrix_of_killer_1.png, id=72, 706.3188pt x 714.7503pt>
File: plots/Q2/correlation_matrix/corr_matrix_of_killer_1.png Graphic file (type png)
<use plots/Q2/correlation_matrix/corr_matrix_of_killer_1.png>
Package pdftex.def Info: plots/Q2/correlation_matrix/corr_matrix_of_killer_1.png  used on input line 185.
(pdftex.def)             Requested size: 181.7417pt x 183.91583pt.

LaTeX Warning: `h' float specifier changed to `ht'.

<plots/Q2/ellipses/ellipse_hour_float_vs_latitude.png, id=73, 867.24pt x 578.16pt>
File: plots/Q2/ellipses/ellipse_hour_float_vs_latitude.png Graphic file (type png)
<use plots/Q2/ellipses/ellipse_hour_float_vs_latitude.png>
Package pdftex.def Info: plots/Q2/ellipses/ellipse_hour_float_vs_latitude.png  used on input line 199.
(pdftex.def)             Requested size: 275.86835pt x 183.91583pt.

LaTeX Warning: `h' float specifier changed to `ht'.

[5 <./plots/Q1/hour_float vs longitude.png>] [6 <./plots/Q2/empirical_covariance/emp_corr_of_killer_1.png> <./plots/Q2/correlation_matrix/corr_matrix_of_killer_1.png>]
<plots/Q3/Confusion_matrix_of_VAL.png, id=97, 563.4651pt x 528.0528pt>
File: plots/Q3/Confusion_matrix_of_VAL.png Graphic file (type png)
<use plots/Q3/Confusion_matrix_of_VAL.png>
Package pdftex.def Info: plots/Q3/Confusion_matrix_of_VAL.png  used on input line 235.
(pdftex.def)             Requested size: 196.24419pt x 183.91583pt.
 [7 <./plots/Q2/ellipses/ellipse_hour_float_vs_latitude.png> <./plots/Q3/Confusion_matrix_of_VAL.png>]
<plots/Q3/two_dimensional_projection.png, id=109, 715.473pt x 571.8966pt>
File: plots/Q3/two_dimensional_projection.png Graphic file (type png)
<use plots/Q3/two_dimensional_projection.png>
Package pdftex.def Info: plots/Q3/two_dimensional_projection.png  used on input line 245.
(pdftex.def)             Requested size: 230.0805pt x 183.91583pt.
<plots/Q4/Confusion_matrix_for_Linear_classifier.png, id=113, 563.4651pt x 527.8119pt>
File: plots/Q4/Confusion_matrix_for_Linear_classifier.png Graphic file (type png)
<use plots/Q4/Confusion_matrix_for_Linear_classifier.png>
Package pdftex.def Info: plots/Q4/Confusion_matrix_for_Linear_classifier.png  used on input line 276.
(pdftex.def)             Requested size: 196.33876pt x 183.91583pt.
 [8 <./plots/Q3/two_dimensional_projection.png>]
<plots/Q4/overlay_linear_bayes_corrected.png, id=123, 867.24pt x 722.7pt>
File: plots/Q4/overlay_linear_bayes_corrected.png Graphic file (type png)
<use plots/Q4/overlay_linear_bayes_corrected.png>
Package pdftex.def Info: plots/Q4/overlay_linear_bayes_corrected.png  used on input line 287.
(pdftex.def)             Requested size: 220.69997pt x 183.91583pt.
 [9 <./plots/Q4/Confusion_matrix_for_Linear_classifier.png> <./plots/Q4/overlay_linear_bayes_corrected.png>]
<plots/Q5/confusion_matrix_svm.png, id=134, 563.4651pt x 527.8119pt>
File: plots/Q5/confusion_matrix_svm.png Graphic file (type png)
<use plots/Q5/confusion_matrix_svm.png>
Package pdftex.def Info: plots/Q5/confusion_matrix_svm.png  used on input line 308.
(pdftex.def)             Requested size: 196.33876pt x 183.91583pt.
<plots/Q5/svm_decision_regions.png, id=135, 867.24pt x 722.7pt>
File: plots/Q5/svm_decision_regions.png Graphic file (type png)
<use plots/Q5/svm_decision_regions.png>
Package pdftex.def Info: plots/Q5/svm_decision_regions.png  used on input line 320.
(pdftex.def)             Requested size: 220.69997pt x 183.91583pt.


LaTeX Warning: `h' float specifier changed to `ht'.

[10 <./plots/Q5/confusion_matrix_svm.png>]
<plots/Q6/Classification_Training_vs_Validation_Loss_plot.png, id=146, 1727.253pt x 571.8966pt>
File: plots/Q6/Classification_Training_vs_Validation_Loss_plot.png Graphic file (type png)
<use plots/Q6/Classification_Training_vs_Validation_Loss_plot.png>
Package pdftex.def Info: plots/Q6/Classification_Training_vs_Validation_Loss_plot.png  used on input line 340.
(pdftex.def)             Requested size: 354.86412pt x 117.49263pt.
<plots/Q6/Confusion_matrix_for_Neural_Network_Plot.png, id=148, 563.4651pt x 523.9575pt>
File: plots/Q6/Confusion_matrix_for_Neural_Network_Plot.png Graphic file (type png)
<use plots/Q6/Confusion_matrix_for_Neural_Network_Plot.png>
Package pdftex.def Info: plots/Q6/Confusion_matrix_for_Neural_Network_Plot.png  used on input line 350.
(pdftex.def)             Requested size: 197.78319pt x 183.91583pt.
 [11 <./plots/Q5/svm_decision_regions.png> <./plots/Q6/Classification_Training_vs_Validation_Loss_plot.png>]
<plots/Q6/Feature_Importance.png, id=158, 715.473pt x 427.3566pt>
File: plots/Q6/Feature_Importance.png Graphic file (type png)
<use plots/Q6/Feature_Importance.png>
Package pdftex.def Info: plots/Q6/Feature_Importance.png  used on input line 364.
(pdftex.def)             Requested size: 285.10333pt x 170.28973pt.
 [12 <./plots/Q6/Confusion_matrix_for_Neural_Network_Plot.png> <./plots/Q6/Feature_Importance.png>]
<plots/Q7/explained_variance.png, id=169, 578.16pt x 433.62pt>
File: plots/Q7/explained_variance.png Graphic file (type png)
<use plots/Q7/explained_variance.png>
Package pdftex.def Info: plots/Q7/explained_variance.png  used on input line 385.
(pdftex.def)             Requested size: 272.46745pt x 204.34976pt.
<plots/Q7/val_pca_projection.png, id=171, 715.473pt x 571.8966pt>
File: plots/Q7/val_pca_projection.png Graphic file (type png)
<use plots/Q7/val_pca_projection.png>
Package pdftex.def Info: plots/Q7/val_pca_projection.png  used on input line 395.
(pdftex.def)             Requested size: 255.64865pt x 204.34976pt.


LaTeX Warning: `h' float specifier changed to `ht'.

[13 <./plots/Q7/explained_variance.png>]
<plots/Q8/test_pca_kmeans_predictions.png, id=182, 722.7pt x 578.16pt>
File: plots/Q8/test_pca_kmeans_predictions.png Graphic file (type png)
<use plots/Q8/test_pca_kmeans_predictions.png>
Package pdftex.def Info: plots/Q8/test_pca_kmeans_predictions.png  used on input line 424.
(pdftex.def)             Requested size: 255.42998pt x 204.34976pt.


LaTeX Warning: `h' float specifier changed to `ht'.


Overfull \hbox (5.82384pt too wide) in paragraph at lines 436--438
[]\OT1/cmr/bx/n/10 Ensemble Method-ol-ogy and Prob-a-bil-ity Av-er-ag-ing: \OT1/cmr/m/n/10 To con-struct the fi-nal \OT1/cmtt/m/n/10 submission.csv
 []

[14 <./plots/Q7/val_pca_projection.png>]
<plots/submission/Ensemble_Confusion_Matrix.png, id=194, 462.528pt x 346.896pt>
File: plots/submission/Ensemble_Confusion_Matrix.png Graphic file (type png)
<use plots/submission/Ensemble_Confusion_Matrix.png>
Package pdftex.def Info: plots/submission/Ensemble_Confusion_Matrix.png  used on input line 456.
(pdftex.def)             Requested size: 245.22336pt x 183.91583pt.


LaTeX Warning: `h' float specifier changed to `ht'.

[15 <./plots/Q8/test_pca_kmeans_predictions.png>] [16 <./plots/submission/Ensemble_Confusion_Matrix.png>] [17] (Report.aux)
 ***********
LaTeX2e <2025-11-01>
L3 programming layer <2026-01-19>
 ***********
Package rerunfilecheck Info: File `Report.out' has not changed.
(rerunfilecheck)             Checksum: D41D8CD98F00B204E9800998ECF8427E;0.
 ) 
Here is how much of TeX's memory you used:
 14718 strings out of 467866
 255537 string characters out of 5418325
 663354 words of memory out of 5000000
 43368 multiletter control sequences out of 15000+600000
 635150 words of font info for 69 fonts, out of 8000000 for 9000
 1141 hyphenation exceptions out of 8191
 75i,7n,79p,1076b,601s stack positions out of 10000i,1000n,20000p,200000b,200000s
 <C:\Users\kidoa\AppData\Local\MiKTeX\fonts/pk/ljfour/jknappen/ec/dpi600\tcrm1000.pk><C:/Users/kidoa/AppData/Local/Programs/MiKTeX/fonts/type1/public/amsfonts/cm/cmbx10.pfb><C:/Users/kidoa/AppData/Local/Programs/MiKTeX/fonts/type1/public/amsfonts/cm/cmbx12.pfb><C:/Users/kidoa/AppData/Local/Programs/MiKTeX/fonts/type1/public/amsfonts/cm/cmbx9.pfb><C:/Users/kidoa/AppData/Local/Programs/MiKTeX/fonts/type1/public/amsfonts/cm/cmex10.pfb><C:/Users/kidoa/AppData/Local/Programs/MiKTeX/fonts/type1/public/amsfonts/cm/cmmi10.pfb><C:/Users/kidoa/AppData/Local/Programs/MiKTeX/fonts/type1/public/amsfonts/cm/cmmi5.pfb><C:/Users/kidoa/AppData/Local/Programs/MiKTeX/fonts/type1/public/amsfonts/cm/cmmi7.pfb><C:/Users/kidoa/AppData/Local/Programs/MiKTeX/fonts/type1/public/amsfonts/cm/cmmi9.pfb><C:/Users/kidoa/AppData/Local/Programs/MiKTeX/fonts/type1/public/amsfonts/cm/cmr10.pfb><C:/Users/kidoa/AppData/Local/Programs/MiKTeX/fonts/type1/public/amsfonts/cm/cmr12.pfb><C:/Users/kidoa/AppData/Local/Programs/MiKTeX/fonts/type1/public/amsfonts/cm/cmr5.pfb><C:/Users/kidoa/AppData/Local/Programs/MiKTeX/fonts/type1/public/amsfonts/cm/cmr7.pfb><C:/Users/kidoa/AppData/Local/Programs/MiKTeX/fonts/type1/public/amsfonts/cm/cmr9.pfb><C:/Users/kidoa/AppData/Local/Programs/MiKTeX/fonts/type1/public/amsfonts/cm/cmsy10.pfb><C:/Users/kidoa/AppData/Local/Programs/MiKTeX/fonts/type1/public/amsfonts/cm/cmsy7.pfb><C:/Users/kidoa/AppData/Local/Programs/MiKTeX/fonts/type1/public/amsfonts/cm/cmtt10.pfb><C:/Users/kidoa/AppData/Local/Programs/MiKTeX/fonts/type1/public/amsfonts/symbols/msbm10.pfb>
Output written on Report.pdf (17 pages, 8936216 bytes).
PDF statistics:
 305 PDF objects out of 1000 (max. 8388607)
 72 named destinations out of 1000 (max. 500000)
 116 words of extra memory for PDF output out of 10000 (max. 10000000)

